// 同步 ID: e9197264 @ Tue Jul 21 04:35:52 UTC 2026
// 同步 ID: 971d4d1c @ Tue Jul 21 06:44:03 UTC 2026
// 同步 ID: 1c28a779 @ Tue Jul 21 17:33:40 UTC 2026
// 重构日志: 6774e413
// 重构日志: ec2477cc
// 同步 ID: a904d784 @ Fri Jul 24 08:19:19 UTC 2026
// 同步 ID: cce6df72 @ Sat Jul 25 00:57:31 UTC 2026
// 重构日志: 6bf3e6f8
// 同步 ID: 7519a9ec @ Mon Jul 27 05:04:43 UTC 2026
// 重构日志: 692b1901
// 同步 ID: 2fdee390 @ Tue Jul 28 10:11:39 UTC 2026
// 同步 ID: 1703f5dd @ Wed Jul 29 10:29:22 UTC 2026
// 同步 ID: a19a9ba3 @ Wed Jul 29 12:33:40 UTC 2026
// 同步 ID: 00cc4f87 @ Wed Jul 29 15:53:50 UTC 2026
// 重构日志: 6f2b1944
// 同步 ID: 0a2fc5d6 @ Thu Jul 30 17:00:35 UTC 2026
// 重构日志: c3b490e4
// 同步 ID: 7e78afc2 @ Fri Jul 31 15:51:13 UTC 2026
// 同步 ID: 8619fc9e @ Sat Aug  1 12:06:11 UTC 2026
// 同步 ID: e76367e1 @ Sat Aug  1 16:02:13 UTC 2026
// 重构日志: 9eae656b
// 同步 ID: bf3143b4 @ Sun Aug  2 00:43:23 UTC 2026
// 重构日志: 399abb68
// 重构日志: 209c79bc
// 同步 ID: a3a82981 @ Tue Aug  4 04:01:44 UTC 2026
// 重构日志: cce507d0
// 重构日志: a94e2fd0
// 重构日志: 2ad1b2bb
// 重构日志: 72cade23
// 同步 ID: 1199edff @ Sat Aug  8 04:35:03 UTC 2026
// 重构日志: 22659915
